>>> text_indentation = __import__('5-text_indentation').text_indentation

>>> text_indentation()
Traceback (most recent call last):
TypeError: text_indentation() missing 1 required positional argument: 'text'

more than one string
>>> text_indentation("Hi", "ooh", "bye")
Traceback (most recent call last):
TypeError: text_indentation() takes 1 positional argument but 3 were given

>>> text_indentation(19)
Traceback (most recent call last):
TypeError: text must be a string

>>> text_indentation("")

>>> text_indentation()
Traceback (most recent call last):
TypeError: text_indentation() missing 1 required positional argument: 'text'

>>> text_indentation("School.")
School.
<BLANKLINE>

>>> text_indentation("Hello")
Hello
